Flow report for terminal-ps2_sidi
Sun Dec 19 00:47:41 2021
Quartus Prime Version 17.1.0 Build 590 10/25/2017 SJ Lite Edition


---------------------
; Table of Contents ;
---------------------
  1. Legal Notice
  2. Flow Summary
  3. Flow Settings
  4. Flow Non-Default Global Settings
  5. Flow Elapsed Time
  6. Flow OS Summary
  7. Flow Log
  8. Flow Messages
  9. Flow Suppressed Messages



----------------
; Legal Notice ;
----------------
Copyright (C) 2017  Intel Corporation. All rights reserved.
Your use of Intel Corporation's design tools, logic functions 
and other software and tools, and its AMPP partner logic 
functions, and any output files from any of the foregoing 
(including device programming or simulation files), and any 
associated documentation or information are expressly subject 
to the terms and conditions of the Intel Program License 
Subscription Agreement, the Intel Quartus Prime License Agreement,
the Intel FPGA IP License Agreement, or other applicable license
agreement, including, without limitation, that your use is for
the sole purpose of programming logic devices manufactured by
Intel and sold by Intel or its authorized distributors.  Please
refer to the applicable agreement for further details.



+----------------------------------------------------------------------------------+
; Flow Summary                                                                     ;
+------------------------------------+---------------------------------------------+
; Flow Status                        ; Successful - Sun Dec 19 00:47:37 2021       ;
; Quartus Prime Version              ; 17.1.0 Build 590 10/25/2017 SJ Lite Edition ;
; Revision Name                      ; terminal-ps2_sidi                           ;
; Top-level Entity Name              ; sidi_top                                    ;
; Family                             ; Cyclone IV E                                ;
; Device                             ; EP4CE22F17C8                                ;
; Timing Models                      ; Final                                       ;
; Total logic elements               ; 1,349 / 22,320 ( 6 % )                      ;
;     Total combinational functions  ; 1,285 / 22,320 ( 6 % )                      ;
;     Dedicated logic registers      ; 433 / 22,320 ( 2 % )                        ;
; Total registers                    ; 433                                         ;
; Total pins                         ; 68 / 154 ( 44 % )                           ;
; Total virtual pins                 ; 0                                           ;
; Total memory bits                  ; 112,752 / 608,256 ( 19 % )                  ;
; Embedded Multiplier 9-bit elements ; 0 / 132 ( 0 % )                             ;
; Total PLLs                         ; 1 / 4 ( 25 % )                              ;
+------------------------------------+---------------------------------------------+


+-----------------------------------------+
; Flow Settings                           ;
+-------------------+---------------------+
; Option            ; Setting             ;
+-------------------+---------------------+
; Start date & time ; 12/19/2021 00:46:48 ;
; Main task         ; Compilation         ;
; Revision Name     ; terminal-ps2_sidi   ;
+-------------------+---------------------+


+------------------------------------------------------------------------------------------------------------------------------------------------------------------------------+
; Flow Non-Default Global Settings                                                                                                                                             ;
+--------------------------------------------------------+---------------------------------------------------------------------+--------------------+-------------+------------+
; Assignment Name                                        ; Value                                                               ; Default Value      ; Entity Name ; Section Id ;
+--------------------------------------------------------+---------------------------------------------------------------------+--------------------+-------------+------------+
; ADD_PASS_THROUGH_LOGIC_TO_INFERRED_RAMS                ; Off                                                                 ; On                 ; --          ; --         ;
; AUTO_GLOBAL_MEMORY_CONTROLS                            ; -- (Not supported for targeted family)                              ; Off                ; --          ; --         ;
; AUTO_IMPLEMENT_IN_ROM                                  ; -- (Not supported for targeted family)                              ; Off                ; --          ; --         ;
; AUTO_MERGE_PLLS                                        ; Off                                                                 ; On                 ; --          ; --         ;
; AUTO_RESOURCE_SHARING                                  ; On                                                                  ; Off                ; --          ; --         ;
; BLOCK_RAM_AND_MLAB_EQUIVALENT_PAUSED_READ_CAPABILITIES ; -- (Not supported for targeted family)                              ; Care               ; --          ; --         ;
; COMPILER_SIGNATURE_ID                                  ; 190135458541196.163987120831308                                     ; --                 ; --          ; --         ;
; ENABLE_CLOCK_LATENCY                                   ; On                                                                  ; Off                ; --          ; --         ;
; ENABLE_RECOVERY_REMOVAL_ANALYSIS                       ; On                                                                  ; Off                ; --          ; --         ;
; FINAL_PLACEMENT_OPTIMIZATION                           ; Always                                                              ; Automatically      ; --          ; --         ;
; FITTER_EFFORT                                          ; Standard Fit                                                        ; Auto Fit           ; --          ; --         ;
; FMAX_REQUIREMENT                                       ; 101.58 MHz                                                          ; --                 ; --          ; --         ;
; IGNORE_CLOCK_SETTINGS                                  ; On                                                                  ; Off                ; --          ; --         ;
; IGNORE_LCELL_BUFFERS                                   ; On                                                                  ; Off                ; --          ; --         ;
; MAX_CORE_JUNCTION_TEMP                                 ; 85                                                                  ; --                 ; --          ; --         ;
; MIN_CORE_JUNCTION_TEMP                                 ; 0                                                                   ; --                 ; --          ; --         ;
; MISC_FILE                                              ; ../DeMiSTify/controller/../EightThirtyTwo/RTL/debug_virtualjtag.cmp ; --                 ; --          ; --         ;
; MISC_FILE                                              ; ../DeMiSTify/controller/../EightThirtyTwo/RTL/debug_fifo_altera.cmp ; --                 ; --          ; --         ;
; OPTIMIZE_POWER_DURING_FITTING                          ; Off                                                                 ; Normal compilation ; --          ; --         ;
; PLACEMENT_EFFORT_MULTIPLIER                            ; 4.0                                                                 ; 1.0                ; --          ; --         ;
; PRE_FLOW_SCRIPT_FILE                                   ; quartus_sh:../mist/build_id.tcl                                     ; --                 ; --          ; --         ;
; PRE_MAPPING_RESYNTHESIS                                ; On                                                                  ; Off                ; --          ; --         ;
; PROJECT_OUTPUT_DIRECTORY                               ; output_files                                                        ; --                 ; --          ; --         ;
; REMOVE_REDUNDANT_LOGIC_CELLS                           ; On                                                                  ; Off                ; --          ; --         ;
; ROUTER_EFFORT_MULTIPLIER                               ; 2.0                                                                 ; 1.0                ; --          ; --         ;
; ROUTER_TIMING_OPTIMIZATION_LEVEL                       ; MAXIMUM                                                             ; Normal             ; --          ; --         ;
; SMART_RECOMPILE                                        ; On                                                                  ; Off                ; --          ; --         ;
; TCO_REQUIREMENT                                        ; 5 ns                                                                ; --                 ; --          ; --         ;
; TH_REQUIREMENT                                         ; 5 ns                                                                ; --                 ; --          ; --         ;
; TOP_LEVEL_ENTITY                                       ; sidi_top                                                            ; terminal-ps2_sidi  ; --          ; --         ;
; TPD_REQUIREMENT                                        ; 5 ns                                                                ; --                 ; --          ; --         ;
; TSU_REQUIREMENT                                        ; 5 ns                                                                ; --                 ; --          ; --         ;
; VERILOG_MACRO                                          ; DEMISTIFY=1                                                         ; --                 ; --          ; --         ;
+--------------------------------------------------------+---------------------------------------------------------------------+--------------------+-------------+------------+


+-------------------------------------------------------------------------------------------------------------------------------+
; Flow Elapsed Time                                                                                                             ;
+---------------------------+--------------+-------------------------+---------------------+------------------------------------+
; Module Name               ; Elapsed Time ; Average Processors Used ; Peak Virtual Memory ; Total CPU Time (on all processors) ;
+---------------------------+--------------+-------------------------+---------------------+------------------------------------+
; Analysis & Synthesis      ; 00:00:26     ; 1.0                     ; 1013 MB             ; 00:00:45                           ;
; Fitter                    ; 00:00:17     ; 1.0                     ; 1253 MB             ; 00:00:22                           ;
; Assembler                 ; 00:00:02     ; 1.0                     ; 794 MB              ; 00:00:01                           ;
; TimeQuest Timing Analyzer ; 00:00:03     ; 1.1                     ; 801 MB              ; 00:00:03                           ;
; Total                     ; 00:00:48     ; --                      ; --                  ; 00:01:11                           ;
+---------------------------+--------------+-------------------------+---------------------+------------------------------------+


+---------------------------------------------------------------------------------------------+
; Flow OS Summary                                                                             ;
+---------------------------+------------------+----------------+------------+----------------+
; Module Name               ; Machine Hostname ; OS Name        ; OS Version ; Processor type ;
+---------------------------+------------------+----------------+------------+----------------+
; Analysis & Synthesis      ; jordi-TM1613     ; Ubuntu 20.04.3 ; 20         ; x86_64         ;
; Fitter                    ; jordi-TM1613     ; Ubuntu 20.04.3 ; 20         ; x86_64         ;
; Assembler                 ; jordi-TM1613     ; Ubuntu 20.04.3 ; 20         ; x86_64         ;
; TimeQuest Timing Analyzer ; jordi-TM1613     ; Ubuntu 20.04.3 ; 20         ; x86_64         ;
+---------------------------+------------------+----------------+------------+----------------+


------------
; Flow Log ;
------------
quartus_map --read_settings_files=on --write_settings_files=off terminal-ps2_sidi -c terminal-ps2_sidi
quartus_fit --read_settings_files=off --write_settings_files=off terminal-ps2_sidi -c terminal-ps2_sidi
quartus_asm --read_settings_files=off --write_settings_files=off terminal-ps2_sidi -c terminal-ps2_sidi
quartus_sta terminal-ps2_sidi -c terminal-ps2_sidi



